src/app/bookmarks/page.tsx(78,69): error TS2345: Argument of type '([noteId, data]: [string, { note: { id: string; title: string; }; bookmarks: any[]; }]) => JSX.Element' is not assignable to parameter of type '(value: [string, unknown], index: number, array: [string, unknown][]) => Element'.
  Types of parameters '__0' and 'value' are incompatible.
    Type '[string, unknown]' is not assignable to type '[string, { note: { id: string; title: string; }; bookmarks: any[]; }]'.
      Type at position 1 in source is not compatible with type at position 1 in target.
        Type 'unknown' is not assignable to type '{ note: { id: string; title: string; }; bookmarks: any[]; }'.
src/server/api/routers/bookmarks.ts(19,55): error TS2339: Property 'bookmark' does not exist on type 'PrismaClient<PrismaClientOptions, never, DefaultArgs>'.
src/server/api/routers/bookmarks.ts(31,34): error TS2339: Property 'bookmark' does not exist on type 'PrismaClient<PrismaClientOptions, never, DefaultArgs>'.
src/server/api/routers/bookmarks.ts(37,51): error TS2339: Property 'bookmark' does not exist on type 'PrismaClient<PrismaClientOptions, never, DefaultArgs>'.
src/server/api/routers/bookmarks.ts(56,31): error TS2339: Property 'bookmark' does not exist on type 'PrismaClient<PrismaClientOptions, never, DefaultArgs>'.
src/server/api/routers/bookmarks.ts(70,27): error TS2339: Property 'bookmark' does not exist on type 'PrismaClient<PrismaClientOptions, never, DefaultArgs>'.
src/server/api/routers/bookmarks.ts(94,47): error TS2339: Property 'bookmark' does not exist on type 'PrismaClient<PrismaClientOptions, never, DefaultArgs>'.
src/server/api/routers/bookmarks.ts(102,31): error TS2339: Property 'bookmark' does not exist on type 'PrismaClient<PrismaClientOptions, never, DefaultArgs>'.
src/server/utils/pdf.ts(46,9): error TS2353: Object literal may only specify known properties, and 'canvasFactory' does not exist in type 'URL | ArrayBuffer | TypedArray | DocumentInitParameters'.
src/server/utils/pdf.ts(46,71): error TS2694: Namespace '"/home/ViniVici/Downloads/NotesIIIT/node_modules/pdfjs-dist/legacy/build/pdf"' has no exported member 'CanvasFactory'.
